Archive member included because of file (symbol)

c:/winavr-20100110/bin/../lib/gcc/avr/4.3.3/../../../../avr/lib/avr5\libm.a(divsf3.o)
                              build/default/production/MCAL/ADC_Function.o (__divsf3)
c:/winavr-20100110/bin/../lib/gcc/avr/4.3.3/../../../../avr/lib/avr5\libm.a(divsf3x.o)
                              c:/winavr-20100110/bin/../lib/gcc/avr/4.3.3/../../../../avr/lib/avr5\libm.a(divsf3.o) (__divsf3x)
c:/winavr-20100110/bin/../lib/gcc/avr/4.3.3/../../../../avr/lib/avr5\libm.a(fixunssfsi.o)
                              build/default/production/MCAL/ADC_Function.o (__fixunssfsi)
c:/winavr-20100110/bin/../lib/gcc/avr/4.3.3/../../../../avr/lib/avr5\libm.a(floatsisf.o)
                              build/default/production/MCAL/ADC_Function.o (__floatsisf)
c:/winavr-20100110/bin/../lib/gcc/avr/4.3.3/../../../../avr/lib/avr5\libm.a(fp_inf.o)
                              c:/winavr-20100110/bin/../lib/gcc/avr/4.3.3/../../../../avr/lib/avr5\libm.a(divsf3x.o) (__fp_inf)
c:/winavr-20100110/bin/../lib/gcc/avr/4.3.3/../../../../avr/lib/avr5\libm.a(fp_nan.o)
                              c:/winavr-20100110/bin/../lib/gcc/avr/4.3.3/../../../../avr/lib/avr5\libm.a(divsf3x.o) (__fp_nan)
c:/winavr-20100110/bin/../lib/gcc/avr/4.3.3/../../../../avr/lib/avr5\libm.a(fp_pscA.o)
                              c:/winavr-20100110/bin/../lib/gcc/avr/4.3.3/../../../../avr/lib/avr5\libm.a(divsf3x.o) (__fp_pscA)
c:/winavr-20100110/bin/../lib/gcc/avr/4.3.3/../../../../avr/lib/avr5\libm.a(fp_pscB.o)
                              c:/winavr-20100110/bin/../lib/gcc/avr/4.3.3/../../../../avr/lib/avr5\libm.a(divsf3x.o) (__fp_pscB)
c:/winavr-20100110/bin/../lib/gcc/avr/4.3.3/../../../../avr/lib/avr5\libm.a(fp_round.o)
                              c:/winavr-20100110/bin/../lib/gcc/avr/4.3.3/../../../../avr/lib/avr5\libm.a(divsf3.o) (__fp_round)
c:/winavr-20100110/bin/../lib/gcc/avr/4.3.3/../../../../avr/lib/avr5\libm.a(fp_split3.o)
                              c:/winavr-20100110/bin/../lib/gcc/avr/4.3.3/../../../../avr/lib/avr5\libm.a(divsf3x.o) (__fp_split3)
c:/winavr-20100110/bin/../lib/gcc/avr/4.3.3/../../../../avr/lib/avr5\libm.a(fp_zero.o)
                              c:/winavr-20100110/bin/../lib/gcc/avr/4.3.3/../../../../avr/lib/avr5\libm.a(fixunssfsi.o) (__fp_zero)
c:/winavr-20100110/bin/../lib/gcc/avr/4.3.3/avr5\libgcc.a(_mulsi3.o)
                              build/default/production/HAL/servo.o (__mulsi3)
c:/winavr-20100110/bin/../lib/gcc/avr/4.3.3/avr5\libgcc.a(_udivmodhi4.o)
                              build/default/production/serveice/serviece.o (__udivmodhi4)
c:/winavr-20100110/bin/../lib/gcc/avr/4.3.3/avr5\libgcc.a(_udivmodsi4.o)
                              build/default/production/HAL/servo.o (__udivmodsi4)
c:/winavr-20100110/bin/../lib/gcc/avr/4.3.3/avr5\libgcc.a(_exit.o)
                              c:/winavr-20100110/bin/../lib/gcc/avr/4.3.3/../../../../avr/lib/avr5/crtm32.o (exit)
c:/winavr-20100110/bin/../lib/gcc/avr/4.3.3/avr5\libgcc.a(_copy_data.o)
                              build/default/production/MCAL/UART_driver_new.o (__do_copy_data)
c:/winavr-20100110/bin/../lib/gcc/avr/4.3.3/avr5\libgcc.a(_clear_bss.o)
                              build/default/production/HAL/motor.o (__do_clear_bss)

Allocating common symbols
Common symbol       size              file

fan1_level          0x1               build/default/production/HAL/motor.o
ADC_result          0x2               build/default/production/MCAL/ADC_Function.o
fan3_level          0x1               build/default/production/HAL/motor.o
text_global         0x1               build/default/production/MCAL/UART_driver_new.o
fan2_level          0x1               build/default/production/HAL/motor.o
key_pressed         0x1               build/default/production/_ext/1738241910/keypad_e.o
g_finish_recieve_f  0x2               build/default/production/MCAL/UART_driver_new.o

Discarded input sections

 .data          0x00000000        0x0 c:/winavr-20100110/bin/../lib/gcc/avr/4.3.3/../../../../avr/lib/avr5/crtm32.o
 .bss           0x00000000        0x0 c:/winavr-20100110/bin/../lib/gcc/avr/4.3.3/../../../../avr/lib/avr5/crtm32.o
 .text          0x00000000        0x0 build/default/production/HAL/LCD.o
 .data          0x00000000        0x0 build/default/production/HAL/LCD.o
 .bss           0x00000000        0x0 build/default/production/HAL/LCD.o
 .text          0x00000000        0x0 build/default/production/HAL/motor.o
 .data          0x00000000        0x0 build/default/production/HAL/motor.o
 .bss           0x00000000        0x0 build/default/production/HAL/motor.o
 .text.fans_set_speed
                0x00000000        0x0 build/default/production/HAL/motor.o
 .text.fans_init
                0x00000000        0x0 build/default/production/HAL/motor.o
 .text.fans_speed
                0x00000000        0x0 build/default/production/HAL/motor.o
 .bss.c         0x00000000        0x0 build/default/production/HAL/motor.o
 COMMON         0x00000000        0x0 build/default/production/HAL/motor.o
 .text          0x00000000        0x0 build/default/production/HAL/servo.o
 .data          0x00000000        0x0 build/default/production/HAL/servo.o
 .bss           0x00000000        0x0 build/default/production/HAL/servo.o
 .text          0x00000000        0x0 build/default/production/MCAL/ADC_Function.o
 .data          0x00000000        0x0 build/default/production/MCAL/ADC_Function.o
 .bss           0x00000000        0x0 build/default/production/MCAL/ADC_Function.o
 .text.init_ADC
                0x00000000        0x0 build/default/production/MCAL/ADC_Function.o
 .text.read_ADC
                0x00000000        0x0 build/default/production/MCAL/ADC_Function.o
 .text.TEMP_read_ADC
                0x00000000        0x0 build/default/production/MCAL/ADC_Function.o
 COMMON         0x00000000        0x0 build/default/production/MCAL/ADC_Function.o
 .text          0x00000000        0x0 build/default/production/MCAL/EEPROM.o
 .data          0x00000000        0x0 build/default/production/MCAL/EEPROM.o
 .bss           0x00000000        0x0 build/default/production/MCAL/EEPROM.o
 .text          0x00000000        0x0 build/default/production/MCAL/External_interrupt_Atmega32.o
 .data          0x00000000        0x0 build/default/production/MCAL/External_interrupt_Atmega32.o
 .bss           0x00000000        0x0 build/default/production/MCAL/External_interrupt_Atmega32.o
 .text.init_ex_interrupt
                0x00000000        0x0 build/default/production/MCAL/External_interrupt_Atmega32.o
 .text.enable_ex_interrupt
                0x00000000        0x0 build/default/production/MCAL/External_interrupt_Atmega32.o
 .text.disable_ex_interrupt
                0x00000000        0x0 build/default/production/MCAL/External_interrupt_Atmega32.o
 .text.read_ex_interrupt_flag
                0x00000000        0x0 build/default/production/MCAL/External_interrupt_Atmega32.o
 .text.EX_setCallBack
                0x00000000        0x0 build/default/production/MCAL/External_interrupt_Atmega32.o
 .text          0x00000000        0x0 build/default/production/MCAL/GPIO.o
 .data          0x00000000        0x0 build/default/production/MCAL/GPIO.o
 .bss           0x00000000        0x0 build/default/production/MCAL/GPIO.o
 .text.write_port
                0x00000000        0x0 build/default/production/MCAL/GPIO.o
 .text.clear_high_nibble
                0x00000000        0x0 build/default/production/MCAL/GPIO.o
 .text          0x00000000        0x0 build/default/production/MCAL/UART_driver_new.o
 .data          0x00000000        0x0 build/default/production/MCAL/UART_driver_new.o
 .bss           0x00000000        0x0 build/default/production/MCAL/UART_driver_new.o
 .text.UART_Recieve_Byte_g
                0x00000000        0x0 build/default/production/MCAL/UART_driver_new.o
 .text.UART_send_string
                0x00000000        0x0 build/default/production/MCAL/UART_driver_new.o
 .text.UART_Send_Byte_noblock
                0x00000000        0x0 build/default/production/MCAL/UART_driver_new.o
 .text.UART_recieve_string
                0x00000000        0x0 build/default/production/MCAL/UART_driver_new.o
 .text.UART_Recieve_Byte_noblock
                0x00000000        0x0 build/default/production/MCAL/UART_driver_new.o
 .text.UART_Disable_RECIEVE
                0x00000000        0x0 build/default/production/MCAL/UART_driver_new.o
 .text.UART_Disable_RXINT
                0x00000000        0x0 build/default/production/MCAL/UART_driver_new.o
 .text.UART_Enable_TXINT
                0x00000000        0x0 build/default/production/MCAL/UART_driver_new.o
 .text.UART_Disable_TXINT
                0x00000000        0x0 build/default/production/MCAL/UART_driver_new.o
 .text.UART_Enable_Transmision
                0x00000000        0x0 build/default/production/MCAL/UART_driver_new.o
 .text.UART_Disable_Transmision
                0x00000000        0x0 build/default/production/MCAL/UART_driver_new.o
 .text.TX_Func  0x00000000        0x0 build/default/production/MCAL/UART_driver_new.o
 .text.TX_SetCallBack
                0x00000000        0x0 build/default/production/MCAL/UART_driver_new.o
 .text.UART_send_string_noblock
                0x00000000        0x0 build/default/production/MCAL/UART_driver_new.o
 .bss.test      0x00000000        0x0 build/default/production/MCAL/UART_driver_new.o
 .data.c.1494   0x00000000        0x0 build/default/production/MCAL/UART_driver_new.o
 .bss.str_send_temp
                0x00000000        0x0 build/default/production/MCAL/UART_driver_new.o
 .text          0x00000000        0x0 build/default/production/MCAL/Timer0.o
 .data          0x00000000        0x0 build/default/production/MCAL/Timer0.o
 .bss           0x00000000        0x0 build/default/production/MCAL/Timer0.o
 .text.timer0_init
                0x00000000        0x0 build/default/production/MCAL/Timer0.o
 .text.timer0_OVF_interrupt_enable
                0x00000000        0x0 build/default/production/MCAL/Timer0.o
 .text.timer0_OVF_interrupt_disable
                0x00000000        0x0 build/default/production/MCAL/Timer0.o
 .text.timer0_COMP_interrupt_enable
                0x00000000        0x0 build/default/production/MCAL/Timer0.o
 .text.timer0_COMP_interrupt_disable
                0x00000000        0x0 build/default/production/MCAL/Timer0.o
 .text.timer0_OVF_setCallBack
                0x00000000        0x0 build/default/production/MCAL/Timer0.o
 .text.timer0_COMP_setCallBack
                0x00000000        0x0 build/default/production/MCAL/Timer0.o
 .bss.timer0_task_counter
                0x00000000        0x0 build/default/production/MCAL/Timer0.o
 .text          0x00000000        0x0 build/default/production/MCAL/timer1.o
 .data          0x00000000        0x0 build/default/production/MCAL/timer1.o
 .bss           0x00000000        0x0 build/default/production/MCAL/timer1.o
 .text.timer1_OVF_interrupt_enable
                0x00000000        0x0 build/default/production/MCAL/timer1.o
 .text.timer1_OVF_interrupt_disable
                0x00000000        0x0 build/default/production/MCAL/timer1.o
 .text.timer1_COMPB_interrupt_enable
                0x00000000        0x0 build/default/production/MCAL/timer1.o
 .text.timer1_COMPB_interrupt_disable
                0x00000000        0x0 build/default/production/MCAL/timer1.o
 .text.timer1_COMPA_interrupt_enable
                0x00000000        0x0 build/default/production/MCAL/timer1.o
 .text.timer1_COMPA_interrupt_disable
                0x00000000        0x0 build/default/production/MCAL/timer1.o
 .text.timer1_OVF_setCallBack
                0x00000000        0x0 build/default/production/MCAL/timer1.o
 .text.timer1_COMPA_setCallBack
                0x00000000        0x0 build/default/production/MCAL/timer1.o
 .text.timer1_COMPB_setCallBack
                0x00000000        0x0 build/default/production/MCAL/timer1.o
 .text          0x00000000        0x0 build/default/production/serveice/serviece.o
 .data          0x00000000        0x0 build/default/production/serveice/serviece.o
 .bss           0x00000000        0x0 build/default/production/serveice/serviece.o
 .text.int_to_str
                0x00000000        0x0 build/default/production/serveice/serviece.o
 .text          0x00000000        0x0 build/default/production/serveice/timer0_serveice.o
 .data          0x00000000        0x0 build/default/production/serveice/timer0_serveice.o
 .bss           0x00000000        0x0 build/default/production/serveice/timer0_serveice.o
 .text          0x00000000        0x0 build/default/production/main.o
 .bss           0x00000000        0x0 build/default/production/main.o
 .data.txt_sent
                0x00000000        0x0 build/default/production/main.o
 .text          0x00000000        0x0 build/default/production/_ext/1738241910/keypad_e.o
 .data          0x00000000        0x0 build/default/production/_ext/1738241910/keypad_e.o
 .bss           0x00000000        0x0 build/default/production/_ext/1738241910/keypad_e.o
 COMMON         0x00000000        0x0 build/default/production/_ext/1738241910/keypad_e.o
 .text          0x00000000        0x0 c:/winavr-20100110/bin/../lib/gcc/avr/4.3.3/../../../../avr/lib/avr5\libm.a(divsf3.o)
 .data          0x00000000        0x0 c:/winavr-20100110/bin/../lib/gcc/avr/4.3.3/../../../../avr/lib/avr5\libm.a(divsf3.o)
 .bss           0x00000000        0x0 c:/winavr-20100110/bin/../lib/gcc/avr/4.3.3/../../../../avr/lib/avr5\libm.a(divsf3.o)
 .text.avr-libc.fplib
                0x00000000        0x0 c:/winavr-20100110/bin/../lib/gcc/avr/4.3.3/../../../../avr/lib/avr5\libm.a(divsf3.o)
 .text          0x00000000        0x0 c:/winavr-20100110/bin/../lib/gcc/avr/4.3.3/../../../../avr/lib/avr5\libm.a(divsf3x.o)
 .data          0x00000000        0x0 c:/winavr-20100110/bin/../lib/gcc/avr/4.3.3/../../../../avr/lib/avr5\libm.a(divsf3x.o)
 .bss           0x00000000        0x0 c:/winavr-20100110/bin/../lib/gcc/avr/4.3.3/../../../../avr/lib/avr5\libm.a(divsf3x.o)
 .text.avr-libc.fplib
                0x00000000        0x0 c:/winavr-20100110/bin/../lib/gcc/avr/4.3.3/../../../../avr/lib/avr5\libm.a(divsf3x.o)
 .text          0x00000000        0x0 c:/winavr-20100110/bin/../lib/gcc/avr/4.3.3/../../../../avr/lib/avr5\libm.a(fixunssfsi.o)
 .data          0x00000000        0x0 c:/winavr-20100110/bin/../lib/gcc/avr/4.3.3/../../../../avr/lib/avr5\libm.a(fixunssfsi.o)
 .bss           0x00000000        0x0 c:/winavr-20100110/bin/../lib/gcc/avr/4.3.3/../../../../avr/lib/avr5\libm.a(fixunssfsi.o)
 .text.avr-libc.fplib
                0x00000000        0x0 c:/winavr-20100110/bin/../lib/gcc/avr/4.3.3/../../../../avr/lib/avr5\libm.a(fixunssfsi.o)
 .text          0x00000000        0x0 c:/winavr-20100110/bin/../lib/gcc/avr/4.3.3/../../../../avr/lib/avr5\libm.a(floatsisf.o)
 .data          0x00000000        0x0 c:/winavr-20100110/bin/../lib/gcc/avr/4.3.3/../../../../avr/lib/avr5\libm.a(floatsisf.o)
 .bss           0x00000000        0x0 c:/winavr-20100110/bin/../lib/gcc/avr/4.3.3/../../../../avr/lib/avr5\libm.a(floatsisf.o)
 .text.avr-libc.fplib
                0x00000000        0x0 c:/winavr-20100110/bin/../lib/gcc/avr/4.3.3/../../../../avr/lib/avr5\libm.a(floatsisf.o)
 .text          0x00000000        0x0 c:/winavr-20100110/bin/../lib/gcc/avr/4.3.3/../../../../avr/lib/avr5\libm.a(fp_inf.o)
 .data          0x00000000        0x0 c:/winavr-20100110/bin/../lib/gcc/avr/4.3.3/../../../../avr/lib/avr5\libm.a(fp_inf.o)
 .bss           0x00000000        0x0 c:/winavr-20100110/bin/../lib/gcc/avr/4.3.3/../../../../avr/lib/avr5\libm.a(fp_inf.o)
 .text.avr-libc.fplib
                0x00000000        0x0 c:/winavr-20100110/bin/../lib/gcc/avr/4.3.3/../../../../avr/lib/avr5\libm.a(fp_inf.o)
 .text          0x00000000        0x0 c:/winavr-20100110/bin/../lib/gcc/avr/4.3.3/../../../../avr/lib/avr5\libm.a(fp_nan.o)
 .data          0x00000000        0x0 c:/winavr-20100110/bin/../lib/gcc/avr/4.3.3/../../../../avr/lib/avr5\libm.a(fp_nan.o)
 .bss           0x00000000        0x0 c:/winavr-20100110/bin/../lib/gcc/avr/4.3.3/../../../../avr/lib/avr5\libm.a(fp_nan.o)
 .text.avr-libc.fplib
                0x00000000        0x0 c:/winavr-20100110/bin/../lib/gcc/avr/4.3.3/../../../../avr/lib/avr5\libm.a(fp_nan.o)
 .text          0x00000000        0x0 c:/winavr-20100110/bin/../lib/gcc/avr/4.3.3/../../../../avr/lib/avr5\libm.a(fp_pscA.o)
 .data          0x00000000        0x0 c:/winavr-20100110/bin/../lib/gcc/avr/4.3.3/../../../../avr/lib/avr5\libm.a(fp_pscA.o)
 .bss           0x00000000        0x0 c:/winavr-20100110/bin/../lib/gcc/avr/4.3.3/../../../../avr/lib/avr5\libm.a(fp_pscA.o)
 .text.avr-libc.fplib
                0x00000000        0x0 c:/winavr-20100110/bin/../lib/gcc/avr/4.3.3/../../../../avr/lib/avr5\libm.a(fp_pscA.o)
 .text          0x00000000        0x0 c:/winavr-20100110/bin/../lib/gcc/avr/4.3.3/../../../../avr/lib/avr5\libm.a(fp_pscB.o)
 .data          0x00000000        0x0 c:/winavr-20100110/bin/../lib/gcc/avr/4.3.3/../../../../avr/lib/avr5\libm.a(fp_pscB.o)
 .bss           0x00000000        0x0 c:/winavr-20100110/bin/../lib/gcc/avr/4.3.3/../../../../avr/lib/avr5\libm.a(fp_pscB.o)
 .text.avr-libc.fplib
                0x00000000        0x0 c:/winavr-20100110/bin/../lib/gcc/avr/4.3.3/../../../../avr/lib/avr5\libm.a(fp_pscB.o)
 .text          0x00000000        0x0 c:/winavr-20100110/bin/../lib/gcc/avr/4.3.3/../../../../avr/lib/avr5\libm.a(fp_round.o)
 .data          0x00000000        0x0 c:/winavr-20100110/bin/../lib/gcc/avr/4.3.3/../../../../avr/lib/avr5\libm.a(fp_round.o)
 .bss           0x00000000        0x0 c:/winavr-20100110/bin/../lib/gcc/avr/4.3.3/../../../../avr/lib/avr5\libm.a(fp_round.o)
 .text.avr-libc.fplib
                0x00000000        0x0 c:/winavr-20100110/bin/../lib/gcc/avr/4.3.3/../../../../avr/lib/avr5\libm.a(fp_round.o)
 .text          0x00000000        0x0 c:/winavr-20100110/bin/../lib/gcc/avr/4.3.3/../../../../avr/lib/avr5\libm.a(fp_split3.o)
 .data          0x00000000        0x0 c:/winavr-20100110/bin/../lib/gcc/avr/4.3.3/../../../../avr/lib/avr5\libm.a(fp_split3.o)
 .bss           0x00000000        0x0 c:/winavr-20100110/bin/../lib/gcc/avr/4.3.3/../../../../avr/lib/avr5\libm.a(fp_split3.o)
 .text.avr-libc.fplib
                0x00000000        0x0 c:/winavr-20100110/bin/../lib/gcc/avr/4.3.3/../../../../avr/lib/avr5\libm.a(fp_split3.o)
 .text          0x00000000        0x0 c:/winavr-20100110/bin/../lib/gcc/avr/4.3.3/../../../../avr/lib/avr5\libm.a(fp_zero.o)
 .data          0x00000000        0x0 c:/winavr-20100110/bin/../lib/gcc/avr/4.3.3/../../../../avr/lib/avr5\libm.a(fp_zero.o)
 .bss           0x00000000        0x0 c:/winavr-20100110/bin/../lib/gcc/avr/4.3.3/../../../../avr/lib/avr5\libm.a(fp_zero.o)
 .text.avr-libc.fplib
                0x00000000        0x0 c:/winavr-20100110/bin/../lib/gcc/avr/4.3.3/../../../../avr/lib/avr5\libm.a(fp_zero.o)
 .text          0x00000000        0x0 c:/winavr-20100110/bin/../lib/gcc/avr/4.3.3/avr5\libgcc.a(_mulsi3.o)
 .data          0x00000000        0x0 c:/winavr-20100110/bin/../lib/gcc/avr/4.3.3/avr5\libgcc.a(_mulsi3.o)
 .bss           0x00000000        0x0 c:/winavr-20100110/bin/../lib/gcc/avr/4.3.3/avr5\libgcc.a(_mulsi3.o)
 .text          0x00000000        0x0 c:/winavr-20100110/bin/../lib/gcc/avr/4.3.3/avr5\libgcc.a(_udivmodhi4.o)
 .data          0x00000000        0x0 c:/winavr-20100110/bin/../lib/gcc/avr/4.3.3/avr5\libgcc.a(_udivmodhi4.o)
 .bss           0x00000000        0x0 c:/winavr-20100110/bin/../lib/gcc/avr/4.3.3/avr5\libgcc.a(_udivmodhi4.o)
 .text.libgcc   0x00000000        0x0 c:/winavr-20100110/bin/../lib/gcc/avr/4.3.3/avr5\libgcc.a(_udivmodhi4.o)
 .text          0x00000000        0x0 c:/winavr-20100110/bin/../lib/gcc/avr/4.3.3/avr5\libgcc.a(_udivmodsi4.o)
 .data          0x00000000        0x0 c:/winavr-20100110/bin/../lib/gcc/avr/4.3.3/avr5\libgcc.a(_udivmodsi4.o)
 .bss           0x00000000        0x0 c:/winavr-20100110/bin/../lib/gcc/avr/4.3.3/avr5\libgcc.a(_udivmodsi4.o)
 .text          0x00000000        0x0 c:/winavr-20100110/bin/../lib/gcc/avr/4.3.3/avr5\libgcc.a(_exit.o)
 .data          0x00000000        0x0 c:/winavr-20100110/bin/../lib/gcc/avr/4.3.3/avr5\libgcc.a(_exit.o)
 .bss           0x00000000        0x0 c:/winavr-20100110/bin/../lib/gcc/avr/4.3.3/avr5\libgcc.a(_exit.o)
 .text.libgcc   0x00000000        0x0 c:/winavr-20100110/bin/../lib/gcc/avr/4.3.3/avr5\libgcc.a(_exit.o)
 .text          0x00000000        0x0 c:/winavr-20100110/bin/../lib/gcc/avr/4.3.3/avr5\libgcc.a(_copy_data.o)
 .data          0x00000000        0x0 c:/winavr-20100110/bin/../lib/gcc/avr/4.3.3/avr5\libgcc.a(_copy_data.o)
 .bss           0x00000000        0x0 c:/winavr-20100110/bin/../lib/gcc/avr/4.3.3/avr5\libgcc.a(_copy_data.o)
 .text.libgcc   0x00000000        0x0 c:/winavr-20100110/bin/../lib/gcc/avr/4.3.3/avr5\libgcc.a(_copy_data.o)
 .text          0x00000000        0x0 c:/winavr-20100110/bin/../lib/gcc/avr/4.3.3/avr5\libgcc.a(_clear_bss.o)
 .data          0x00000000        0x0 c:/winavr-20100110/bin/../lib/gcc/avr/4.3.3/avr5\libgcc.a(_clear_bss.o)
 .bss           0x00000000        0x0 c:/winavr-20100110/bin/../lib/gcc/avr/4.3.3/avr5\libgcc.a(_clear_bss.o)
 .text.libgcc   0x00000000        0x0 c:/winavr-20100110/bin/../lib/gcc/avr/4.3.3/avr5\libgcc.a(_clear_bss.o)

Memory Configuration

Name             Origin             Length             Attributes
text             0x00000000         0x00020000         xr
data             0x00800060         0x0000ffa0         rw !x
eeprom           0x00810000         0x00010000         rw !x
fuse             0x00820000         0x00000400         rw !x
lock             0x00830000         0x00000400         rw !x
signature        0x00840000         0x00000400         rw !x
*default*        0x00000000         0xffffffff

Linker script and memory map

LOAD c:/winavr-20100110/bin/../lib/gcc/avr/4.3.3/../../../../avr/lib/avr5/crtm32.o
LOAD build/default/production/HAL/LCD.o
LOAD build/default/production/HAL/motor.o
LOAD build/default/production/HAL/servo.o
LOAD build/default/production/MCAL/ADC_Function.o
LOAD build/default/production/MCAL/EEPROM.o
LOAD build/default/production/MCAL/External_interrupt_Atmega32.o
LOAD build/default/production/MCAL/GPIO.o
LOAD build/default/production/MCAL/UART_driver_new.o
LOAD build/default/production/MCAL/Timer0.o
LOAD build/default/production/MCAL/timer1.o
LOAD build/default/production/serveice/serviece.o
LOAD build/default/production/serveice/timer0_serveice.o
LOAD build/default/production/main.o
LOAD build/default/production/_ext/1738241910/keypad_e.o
                0x00000001                __MPLAB_BUILD = 0x1
START GROUP
LOAD c:/winavr-20100110/bin/../lib/gcc/avr/4.3.3/../../../../avr/lib/avr5\libm.a
END GROUP
LOAD c:/winavr-20100110/bin/../lib/gcc/avr/4.3.3/avr5\libgcc.a
LOAD c:/winavr-20100110/bin/../lib/gcc/avr/4.3.3/../../../../avr/lib/avr5\libc.a
LOAD c:/winavr-20100110/bin/../lib/gcc/avr/4.3.3/avr5\libgcc.a

.hash
 *(.hash)

.dynsym
 *(.dynsym)

.dynstr
 *(.dynstr)

.gnu.version
 *(.gnu.version)

.gnu.version_d
 *(.gnu.version_d)

.gnu.version_r
 *(.gnu.version_r)

.rel.init
 *(.rel.init)

.rela.init
 *(.rela.init)

.rel.text
 *(.rel.text)
 *(.rel.text.*)
 *(.rel.gnu.linkonce.t*)

.rela.text
 *(.rela.text)
 *(.rela.text.*)
 *(.rela.gnu.linkonce.t*)

.rel.fini
 *(.rel.fini)

.rela.fini
 *(.rela.fini)

.rel.rodata
 *(.rel.rodata)
 *(.rel.rodata.*)
 *(.rel.gnu.linkonce.r*)

.rela.rodata
 *(.rela.rodata)
 *(.rela.rodata.*)
 *(.rela.gnu.linkonce.r*)

.rel.data
 *(.rel.data)
 *(.rel.data.*)
 *(.rel.gnu.linkonce.d*)

.rela.data
 *(.rela.data)
 *(.rela.data.*)
 *(.rela.gnu.linkonce.d*)

.rel.ctors
 *(.rel.ctors)

.rela.ctors
 *(.rela.ctors)

.rel.dtors
 *(.rel.dtors)

.rela.dtors
 *(.rela.dtors)

.rel.got
 *(.rel.got)

.rela.got
 *(.rela.got)

.rel.bss
 *(.rel.bss)

.rela.bss
 *(.rela.bss)

.rel.plt
 *(.rel.plt)

.rela.plt
 *(.rela.plt)

.text           0x00000000     0x16d4
 *(.vectors)
 .vectors       0x00000000       0x54 c:/winavr-20100110/bin/../lib/gcc/avr/4.3.3/../../../../avr/lib/avr5/crtm32.o
                0x00000000                __vectors
                0x00000000                __vector_default
 *(.vectors)
 *(.progmem.gcc*)
 *(.progmem*)
                0x00000054                . = ALIGN (0x2)
                0x00000054                __trampolines_start = .
 *(.trampolines)
 .trampolines   0x00000054        0x0 linker stubs
 *(.trampolines*)
                0x00000054                __trampolines_end = .
 *(.jumptables)
 *(.jumptables*)
 *(.lowtext)
 *(.lowtext*)
                0x00000054                __ctors_start = .
 *(.ctors)
                0x00000054                __ctors_end = .
                0x00000054                __dtors_start = .
 *(.dtors)
                0x00000054                __dtors_end = .
 SORT(*)(.ctors)
 SORT(*)(.dtors)
 *(.init0)
 .init0         0x00000054        0x0 c:/winavr-20100110/bin/../lib/gcc/avr/4.3.3/../../../../avr/lib/avr5/crtm32.o
                0x00000054                __init
 *(.init0)
 *(.init1)
 *(.init1)
 *(.init2)
 .init2         0x00000054        0xc c:/winavr-20100110/bin/../lib/gcc/avr/4.3.3/../../../../avr/lib/avr5/crtm32.o
 *(.init2)
 *(.init3)
 *(.init3)
 *(.init4)
 .init4         0x00000060       0x16 c:/winavr-20100110/bin/../lib/gcc/avr/4.3.3/avr5\libgcc.a(_copy_data.o)
                0x00000060                __do_copy_data
 .init4         0x00000076       0x10 c:/winavr-20100110/bin/../lib/gcc/avr/4.3.3/avr5\libgcc.a(_clear_bss.o)
                0x00000076                __do_clear_bss
 *(.init4)
 *(.init5)
 *(.init5)
 *(.init6)
 *(.init6)
 *(.init7)
 *(.init7)
 *(.init8)
 *(.init8)
 *(.init9)
 .init9         0x00000086        0x8 c:/winavr-20100110/bin/../lib/gcc/avr/4.3.3/../../../../avr/lib/avr5/crtm32.o
 *(.init9)
 *(.text)
 .text          0x0000008e        0x4 c:/winavr-20100110/bin/../lib/gcc/avr/4.3.3/../../../../avr/lib/avr5/crtm32.o
                0x0000008e                __vector_12
                0x0000008e                __bad_interrupt
                0x0000008e                __vector_6
                0x0000008e                __vector_17
                0x0000008e                __vector_19
                0x0000008e                __vector_5
                0x0000008e                __vector_4
                0x0000008e                __vector_14
                0x0000008e                __vector_16
                0x0000008e                __vector_18
                0x0000008e                __vector_20
                0x00000092                . = ALIGN (0x2)
 *(.text.*)
 .text.send_falling_edge
                0x00000092       0x22 build/default/production/HAL/LCD.o
 .text.LCD_char
                0x000000b4       0x58 build/default/production/HAL/LCD.o
                0x000000b4                LCD_char
 .text.LCD_string
                0x0000010c       0x2a build/default/production/HAL/LCD.o
                0x0000010c                LCD_string
 .text.LCD_Cmd  0x00000136       0x56 build/default/production/HAL/LCD.o
                0x00000136                LCD_Cmd
 .text.LCD_cursor
                0x0000018c       0x18 build/default/production/HAL/LCD.o
                0x0000018c                LCD_cursor
 .text.LCD_clearscreen
                0x000001a4       0x10 build/default/production/HAL/LCD.o
                0x000001a4                LCD_clearscreen
 .text.LCD_Initial
                0x000001b4       0xa0 build/default/production/HAL/LCD.o
                0x000001b4                LCD_Initial
 .text.servo_set_angle
                0x00000254       0x30 build/default/production/HAL/servo.o
                0x00000254                servo_set_angle
 .text.servo_init
                0x00000284       0x20 build/default/production/HAL/servo.o
                0x00000284                servo_init
 .text.eeprom_write_char
                0x000002a4       0x20 build/default/production/MCAL/EEPROM.o
                0x000002a4                eeprom_write_char
 .text.eeprom_read_char
                0x000002c4       0x18 build/default/production/MCAL/EEPROM.o
                0x000002c4                eeprom_read_char
 .text.__vector_1
                0x000002dc       0x52 build/default/production/MCAL/External_interrupt_Atmega32.o
                0x000002dc                __vector_1
 .text.__vector_2
                0x0000032e       0x52 build/default/production/MCAL/External_interrupt_Atmega32.o
                0x0000032e                __vector_2
 .text.__vector_3
                0x00000380       0x52 build/default/production/MCAL/External_interrupt_Atmega32.o
                0x00000380                __vector_3
 .text.set_pin  0x000003d2       0x7a build/default/production/MCAL/GPIO.o
                0x000003d2                set_pin
 .text.reset_pin
                0x0000044c       0x82 build/default/production/MCAL/GPIO.o
                0x0000044c                reset_pin
 .text.toggle_pin
                0x000004ce       0x7a build/default/production/MCAL/GPIO.o
                0x000004ce                toggle_pin
 .text.set_pin_directin
                0x00000548       0xfe build/default/production/MCAL/GPIO.o
                0x00000548                set_pin_directin
 .text.write_pin
                0x00000646       0xfe build/default/production/MCAL/GPIO.o
                0x00000646                write_pin
 .text.read_u8pin
                0x00000744       0x76 build/default/production/MCAL/GPIO.o
                0x00000744                read_u8pin
 .text.write_highnibble
                0x000007ba       0x5a build/default/production/MCAL/GPIO.o
                0x000007ba                write_highnibble
 .text.UART_init
                0x00000814       0x38 build/default/production/MCAL/UART_driver_new.o
                0x00000814                UART_init
 .text.UART_Send_Byte
                0x0000084c       0x14 build/default/production/MCAL/UART_driver_new.o
                0x0000084c                UART_Send_Byte
 .text.UART_Recieve_Byte
                0x00000860       0x18 build/default/production/MCAL/UART_driver_new.o
                0x00000860                UART_Recieve_Byte
 .text.RX_Func  0x00000878       0x60 build/default/production/MCAL/UART_driver_new.o
                0x00000878                RX_Func
 .text.UART_Enable_RECIEVE
                0x000008d8        0xc build/default/production/MCAL/UART_driver_new.o
                0x000008d8                UART_Enable_RECIEVE
 .text.UART_Enable_RXINT
                0x000008e4        0xc build/default/production/MCAL/UART_driver_new.o
                0x000008e4                UART_Enable_RXINT
 .text.__vector_15
                0x000008f0       0x52 build/default/production/MCAL/UART_driver_new.o
                0x000008f0                __vector_15
 .text.RX_SetCallBack
                0x00000942        0xa build/default/production/MCAL/UART_driver_new.o
                0x00000942                RX_SetCallBack
 .text.UART_recieve_string_noblock
                0x0000094c       0x2c build/default/production/MCAL/UART_driver_new.o
                0x0000094c                UART_recieve_string_noblock
 .text.__vector_13
                0x00000978       0x52 build/default/production/MCAL/UART_driver_new.o
                0x00000978                __vector_13
 .text.__vector_11
                0x000009ca       0x52 build/default/production/MCAL/Timer0.o
                0x000009ca                __vector_11
 .text.__vector_10
                0x00000a1c       0x5a build/default/production/MCAL/Timer0.o
                0x00000a1c                __vector_10
 .text.timer1_init
                0x00000a76      0x350 build/default/production/MCAL/timer1.o
                0x00000a76                timer1_init
 .text.__vector_9
                0x00000dc6       0x52 build/default/production/MCAL/timer1.o
                0x00000dc6                __vector_9
 .text.__vector_7
                0x00000e18       0x52 build/default/production/MCAL/timer1.o
                0x00000e18                __vector_7
 .text.__vector_8
                0x00000e6a       0x52 build/default/production/MCAL/timer1.o
                0x00000e6a                __vector_8
 .text.Get_Password
                0x00000ebc       0xa4 build/default/production/main.o
                0x00000ebc                Get_Password
 .text.Check_Password
                0x00000f60      0x1d6 build/default/production/main.o
                0x00000f60                Check_Password
 .text.Enter_1st_pass
                0x00001136       0x84 build/default/production/main.o
                0x00001136                Enter_1st_pass
 .text.Change_pass
                0x000011ba       0x5a build/default/production/main.o
                0x000011ba                Change_pass
 .text.door_close
                0x00001214        0x8 build/default/production/main.o
                0x00001214                door_close
 .text.door_open
                0x0000121c        0x8 build/default/production/main.o
                0x0000121c                door_open
 .text.take_action
                0x00001224       0x9e build/default/production/main.o
                0x00001224                take_action
 .text.read_sensors
                0x000012c2       0x1c build/default/production/main.o
                0x000012c2                read_sensors
 .text.main     0x000012de      0x17a build/default/production/main.o
                0x000012de                main
 .text.keypad_init
                0x00001458        0xa build/default/production/_ext/1738241910/keypad_e.o
                0x00001458                keypad_init
 .text.keypad_scan
                0x00001462      0x1ec build/default/production/_ext/1738241910/keypad_e.o
                0x00001462                keypad_scan
 .text.libgcc   0x0000164e       0x3e c:/winavr-20100110/bin/../lib/gcc/avr/4.3.3/avr5\libgcc.a(_mulsi3.o)
                0x0000164e                __mulsi3
 .text.libgcc   0x0000168c       0x44 c:/winavr-20100110/bin/../lib/gcc/avr/4.3.3/avr5\libgcc.a(_udivmodsi4.o)
                0x0000168c                __udivmodsi4
                0x000016d0                . = ALIGN (0x2)
 *(.fini9)
 .fini9         0x000016d0        0x0 c:/winavr-20100110/bin/../lib/gcc/avr/4.3.3/avr5\libgcc.a(_exit.o)
                0x000016d0                exit
                0x000016d0                _exit
 *(.fini9)
 *(.fini8)
 *(.fini8)
 *(.fini7)
 *(.fini7)
 *(.fini6)
 *(.fini6)
 *(.fini5)
 *(.fini5)
 *(.fini4)
 *(.fini4)
 *(.fini3)
 *(.fini3)
 *(.fini2)
 *(.fini2)
 *(.fini1)
 *(.fini1)
 *(.fini0)
 .fini0         0x000016d0        0x4 c:/winavr-20100110/bin/../lib/gcc/avr/4.3.3/avr5\libgcc.a(_exit.o)
 *(.fini0)
                0x000016d4                _etext = .

.data           0x00800060       0x6e load address 0x000016d4
                0x00800060                PROVIDE (__data_start, .)
 *(.data)
 .data          0x00800060       0x63 build/default/production/main.o
 *(.data*)
 .data.txt_received
                0x008000c3        0x5 build/default/production/main.o
                0x008000c3                txt_received
 .data.first_use_f_data
                0x008000c8        0x1 build/default/production/main.o
                0x008000c8                first_use_f_data
 .data.packup_data_L
                0x008000c9        0x1 build/default/production/main.o
                0x008000c9                packup_data_L
 .data.packup_data_H
                0x008000ca        0x1 build/default/production/main.o
                0x008000ca                packup_data_H
 .data.packup_data
                0x008000cb        0x2 build/default/production/main.o
                0x008000cb                packup_data
 *(.rodata)
 *(.rodata*)
 *(.gnu.linkonce.d*)
                0x008000ce                . = ALIGN (0x2)
 *fill*         0x008000cd        0x1 00
                0x008000ce                _edata = .
                0x008000ce                PROVIDE (__data_end, .)

.bss            0x008000ce       0x20
                0x008000ce                PROVIDE (__bss_start, .)
 *(.bss)
 *(.bss*)
 .bss.EX_INT2_ptr
                0x008000ce        0x2 build/default/production/MCAL/External_interrupt_Atmega32.o
 .bss.EX_INT1_ptr
                0x008000d0        0x2 build/default/production/MCAL/External_interrupt_Atmega32.o
 .bss.EX_INT0_ptr
                0x008000d2        0x2 build/default/production/MCAL/External_interrupt_Atmega32.o
 .bss.RX_Ptr    0x008000d4        0x2 build/default/production/MCAL/UART_driver_new.o
 .bss.TX_Ptr    0x008000d6        0x2 build/default/production/MCAL/UART_driver_new.o
 .bss.i.1543    0x008000d8        0x2 build/default/production/MCAL/UART_driver_new.o
 .bss.str_recieve_temp
                0x008000da        0x2 build/default/production/MCAL/UART_driver_new.o
 .bss.timer0_comp_ptr
                0x008000dc        0x2 build/default/production/MCAL/Timer0.o
 .bss.timer0_ovf_ptr
                0x008000de        0x2 build/default/production/MCAL/Timer0.o
 .bss.timer1_compb_ptr
                0x008000e0        0x2 build/default/production/MCAL/timer1.o
 .bss.timer1_compa_ptr
                0x008000e2        0x2 build/default/production/MCAL/timer1.o
 .bss.timer1_ovf_ptr
                0x008000e4        0x2 build/default/production/MCAL/timer1.o
 .bss.command_to_done
                0x008000e6        0x2 build/default/production/main.o
                0x008000e6                command_to_done
 .bss.sensors_status
                0x008000e8        0x1 build/default/production/main.o
                0x008000e8                sensors_status
 .bss.sensors_status_new
                0x008000e9        0x1 build/default/production/main.o
                0x008000e9                sensors_status_new
 .bss.finish_receiving_f
                0x008000ea        0x1 build/default/production/main.o
                0x008000ea                finish_receiving_f
 *(COMMON)
 COMMON         0x008000eb        0x3 build/default/production/MCAL/UART_driver_new.o
                0x008000eb                text_global
                0x008000ec                g_finish_recieve_f
                0x008000ee                PROVIDE (__bss_end, .)
                0x000016d4                __data_load_start = LOADADDR (.data)
                0x00001742                __data_load_end = (__data_load_start + SIZEOF (.data))

.noinit         0x008000ee        0x0
                0x008000ee                PROVIDE (__noinit_start, .)
 *(.noinit*)
                0x008000ee                PROVIDE (__noinit_end, .)
                0x008000ee                _end = .
                0x008000ee                PROVIDE (__heap_start, .)

.eeprom         0x00810000        0x0
 *(.eeprom*)
                0x00810000                __eeprom_end = .

.fuse
 *(.fuse)
 *(.lfuse)
 *(.hfuse)
 *(.efuse)

.lock
 *(.lock*)

.signature
 *(.signature*)

.stab
 *(.stab)

.stabstr
 *(.stabstr)

.stab.excl
 *(.stab.excl)

.stab.exclstr
 *(.stab.exclstr)

.stab.index
 *(.stab.index)

.stab.indexstr
 *(.stab.indexstr)

.comment
 *(.comment)

.debug
 *(.debug)

.line
 *(.line)

.debug_srcinfo
 *(.debug_srcinfo)

.debug_sfnames
 *(.debug_sfnames)

.debug_aranges
 *(.debug_aranges)

.debug_pubnames
 *(.debug_pubnames)

.debug_info
 *(.debug_info)
 *(.gnu.linkonce.wi.*)

.debug_abbrev
 *(.debug_abbrev)

.debug_line
 *(.debug_line)

.debug_frame
 *(.debug_frame)

.debug_str
 *(.debug_str)

.debug_loc
 *(.debug_loc)

.debug_macinfo
 *(.debug_macinfo)
OUTPUT(dist/default/production/PROJECT_CODE_.X.production.elf elf32-avr)
LOAD linker stubs
